// Jest Snapshot v1, https://goo.gl/fbAQLP

exports[`invalid commit message 1`] = `
[Error: Process exited with code 1
Stderr is below:
Invalid Commit Message: made it better
Messages should follow: <type>[optional scope]: <description>
]
`;

exports[`pull request 1`] = `
"Fetching 4 commits.
Parsing commit messages
Message: Feature: add triangles. Increment: minor.
Message: Breaking: replaced triangle with polygon. Increment: major.
Message: Fix: polygons have minimum of 3 sides. Increment: patch.
Message: Chore: updated GitHub action script. Increment: none.
Largest increment: major

::set-output name=increment::major
"
`;

exports[`push 1`] = `
"Parsing commit messages
Message: Feat: add images. Increment: minor.
Message: Fix: fix bug about images. Increment: patch.
Largest increment: minor

::set-output name=increment::minor
"
`;
